NEXT!
ITS A MATCH!
NEXT!
NEXT!
NEXT!
NEXT!
NEXT!
NEXT!
NEXT!
NEXT!
ITS A MATCH!
NEXT!
NEXT!
ITS A MATCH!
NEXT!
ITS A MATCH!
NEXT!
NEXT!
NEXT!
ITS A MATCH!
NEXT!
NEXT!
NEXT!
ITS A MATCH!
NEXT!
ITS A MATCH!
NEXT!
ITS A MATCH!
NEXT!
NEXT!
ITS A MATCH!
ITS A MATCH!
ITS A MATCH!
NEXT!
ITS A MATCH!
NEXT!
NEXT!
ITS A MATCH!
ITS A MATCH!
ITS A MATCH!
ITS A MATCH!
ITS A MATCH!
NEXT!
NEXT!
NEXT!
NEXT!
NEXT!
NEXT!
NEXT!
NEXT!
NEXT!
NEXT!
NEXT!
ITS A MATCH!
NEXT!
NEXT!
ITS A MATCH!
ITS A MATCH!
ITS A MATCH!
NEXT!
ITS A MATCH!
NEXT!
ITS A MATCH!
NEXT!
NEXT!
NEXT!
NEXT!
ITS A MATCH!
NEXT!
NEXT!
ITS A MATCH!
ITS A MATCH!
NEXT!
ITS A MATCH!
NEXT!
NEXT!
NEXT!
NEXT!
NEXT!
NEXT!
NEXT!
NEXT!
ITS A MATCH!
ITS A MATCH!
ITS A MATCH!
ITS A MATCH!
NEXT!
NEXT!
ITS A MATCH!
ITS A MATCH!
NEXT!
NEXT!
NEXT!
NEXT!
NEXT!
NEXT!
NEXT!
NEXT!
ITS A MATCH!
NEXT!
ITS A MATCH!
NEXT!
ITS A MATCH!
NEXT!
NEXT!
NEXT!
ITS A MATCH!
ITS A MATCH!
ITS A MATCH!
ITS A MATCH!
NEXT!
NEXT!
NEXT!
ITS A MATCH!
NEXT!
ITS A MATCH!
NEXT!
ITS A MATCH!
ITS A MATCH!
NEXT!
ITS A MATCH!
ITS A MATCH!
ITS A MATCH!
ITS A MATCH!
NEXT!
ITS A MATCH!
ITS A MATCH!
NEXT!
ITS A MATCH!
NEXT!
ITS A MATCH!
NEXT!
NEXT!
NEXT!
NEXT!
ITS A MATCH!
NEXT!
NEXT!
ITS A MATCH!
NEXT!
ITS A MATCH!
NEXT!
NEXT!
NEXT!
NEXT!
NEXT!
NEXT!
NEXT!
NEXT!
NEXT!
ITS A MATCH!
NEXT!
NEXT!
ITS A MATCH!
ITS A MATCH!
NEXT!
NEXT!
NEXT!
NEXT!
NEXT!
ITS A MATCH!
ITS A MATCH!
NEXT!
NEXT!
NEXT!
ITS A MATCH!
NEXT!
NEXT!
NEXT!
NEXT!
NEXT!
NEXT!
NEXT!
ITS A MATCH!
NEXT!
NEXT!
ITS A MATCH!
NEXT!
NEXT!
ITS A MATCH!
NEXT!
NEXT!
NEXT!
NEXT!
NEXT!
NEXT!
NEXT!
NEXT!
NEXT!
ITS A MATCH!
NEXT!
NEXT!
NEXT!
NEXT!
NEXT!
ITS A MATCH!
NEXT!
ITS A MATCH!
NEXT!
NEXT!
NEXT!
ITS A MATCH!
NEXT!
NEXT!
NEXT!
ITS A MATCH!
NEXT!
ITS A MATCH!
NEXT!
NEXT!
NEXT!
NEXT!
NEXT!
NEXT!
ITS A MATCH!
NEXT!
ITS A MATCH!
ITS A MATCH!
NEXT!
ITS A MATCH!
NEXT!
NEXT!
NEXT!
NEXT!
NEXT!
NEXT!
NEXT!
NEXT!
ITS A MATCH!
ITS A MATCH!
NEXT!
ITS A MATCH!
NEXT!
NEXT!
NEXT!
ITS A MATCH!
NEXT!
NEXT!
NEXT!
NEXT!
NEXT!
NEXT!
NEXT!
NEXT!
ITS A MATCH!
ITS A MATCH!
NEXT!
NEXT!
ITS A MATCH!
ITS A MATCH!
NEXT!
ITS A MATCH!
NEXT!
NEXT!
ITS A MATCH!
NEXT!
NEXT!
NEXT!
ITS A MATCH!
ITS A MATCH!
ITS A MATCH!
NEXT!
NEXT!
ITS A MATCH!
ITS A MATCH!
NEXT!
ITS A MATCH!
NEXT!
NEXT!
ITS A MATCH!
NEXT!
NEXT!
NEXT!
NEXT!
NEXT!
ITS A MATCH!
ITS A MATCH!
NEXT!
NEXT!
ITS A MATCH!
ITS A MATCH!
NEXT!
NEXT!
ITS A MATCH!
ITS A MATCH!
ITS A MATCH!
NEXT!
NEXT!
NEXT!
NEXT!
NEXT!
ITS A MATCH!
NEXT!
NEXT!
ITS A MATCH!
ITS A MATCH!
NEXT!
NEXT!
ITS A MATCH!
ITS A MATCH!
ITS A MATCH!
NEXT!
ITS A MATCH!
NEXT!
ITS A MATCH!
NEXT!
NEXT!
ITS A MATCH!
ITS A MATCH!
ITS A MATCH!
NEXT!
NEXT!
NEXT!
NEXT!
NEXT!
NEXT!
NEXT!
NEXT!
NEXT!
ITS A MATCH!
NEXT!
NEXT!
NEXT!
NEXT!
NEXT!
ITS A MATCH!
NEXT!
ITS A MATCH!
NEXT!
NEXT!
NEXT!
NEXT!
NEXT!
NEXT!
NEXT!
NEXT!
NEXT!
NEXT!
NEXT!
NEXT!
ITS A MATCH!
NEXT!
NEXT!
NEXT!
NEXT!
NEXT!
NEXT!
NEXT!
NEXT!
NEXT!
NEXT!
ITS A MATCH!
NEXT!
NEXT!
ITS A MATCH!
NEXT!
NEXT!
ITS A MATCH!
NEXT!
NEXT!
NEXT!
NEXT!
ITS A MATCH!
ITS A MATCH!
NEXT!
ITS A MATCH!
NEXT!
NEXT!
ITS A MATCH!
NEXT!
NEXT!
NEXT!
NEXT!
NEXT!
NEXT!
ITS A MATCH!
NEXT!
NEXT!
ITS A MATCH!
NEXT!
NEXT!
NEXT!
NEXT!
NEXT!
NEXT!
NEXT!
NEXT!
NEXT!
NEXT!
ITS A MATCH!
NEXT!
NEXT!
NEXT!
NEXT!
NEXT!
ITS A MATCH!
NEXT!
ITS A MATCH!
NEXT!
NEXT!
ITS A MATCH!
ITS A MATCH!
NEXT!
NEXT!
NEXT!
NEXT!
ITS A MATCH!
NEXT!
ITS A MATCH!
ITS A MATCH!
ITS A MATCH!
ITS A MATCH!
NEXT!
NEXT!
NEXT!
NEXT!
ITS A MATCH!
NEXT!
ITS A MATCH!
NEXT!
NEXT!
NEXT!
NEXT!
NEXT!
ITS A MATCH!
NEXT!
NEXT!
NEXT!
NEXT!
NEXT!
NEXT!
ITS A MATCH!
ITS A MATCH!
NEXT!
