AndrewLynn DouglasSantiago AlanLuna JamesVelez SalvadorKunst LeonardSmith DannyColeman ShaneWelch JeffreyGerber PatrickDevalk 
444.00
KennethBurks JamesRoberts WesleyReiber GuadalupeHand WilliamSimien DannyBeasley LeonardWilliams JohnSchrum DanielLopez LarryWales 
440.00
JamesMorris ClaytonMorrow DavidFontaine TravisMartinez AltonMynatt JoeBenson RomanRobinson JonathanPena SaulDietrick SteveHill 
645.95
DavidHampton WilbertWright OtisVelasquez JoseMyers RobertLong RobertOrr HowardTello JoshuaPowell HollisBica JesseFlanagan 
476.00
ShawnStout AnthonyCuchares DavidThomsen RusselWilliams OscarServant DavidSchwartz AnthonyGaston EarnestMays RichardFlaherty HomerWoodmansee 
517.63
JamesFine EarlWilson DonaldMerrill RalphOrozco JeremiahBurris DavidSamuel MatthewPittsley ChristopherRiley LannyHuffman RobertRocha 
455.00
StevenBoyle DonaldHaskett ArthurMann EveretteEgan BryonLackey JesseMendez RandyFurman AlShaner RobertSmith CurtisTomassi 
590.00
